app/profile/add-payment-method.tsx(58,28): error TS2345: Argument of type 'string | undefined' is not assignable to parameter of type 'SetStateAction<string>'.
  Type 'undefined' is not assignable to type 'SetStateAction<string>'.
app/profile/payment-methods.tsx(3,10): error TS2305: Module '"@/context/PaymentContext"' has no exported member 'PaymentCard'.
app/profile/payment-methods.tsx(3,23): error TS2305: Module '"@/context/PaymentContext"' has no exported member 'PaymentUPI'.
app/profile/returns.tsx(23,25): error TS2339: Property 'date' does not exist on type 'OrderObject'.
app/profile/returns.tsx(33,18): error TS2339: Property 'name' does not exist on type '{ orderId: string; date: any; status: "pending" | "confirmed" | "processing" | "shipped" | "delivered" | "cancelled" | "returned"; productId: string; productName: string; quantity: number; price: number; image: string; variant?: string | undefined; }'.
app/profile/returns.tsx(116,58): error TS2339: Property 'id' does not exist on type '{ orderId: string; date: any; status: "pending" | "confirmed" | "processing" | "shipped" | "delivered" | "cancelled" | "returned"; productId: string; productName: string; quantity: number; price: number; image: string; variant?: string | undefined; }'.
app/profile/returns.tsx(118,37): error TS2367: This comparison appears to be unintentional because the types '"pending" | "confirmed" | "processing" | "shipped" | "delivered" | "cancelled" | "returned"' and '"Delivered"' have no overlap.
app/profile/returns.tsx(119,42): error TS2367: This comparison appears to be unintentional because the types '"pending" | "confirmed" | "processing" | "shipped" | "delivered" | "cancelled" | "returned"' and '"Delivered"' have no overlap.
app/profile/returns.tsx(120,40): error TS2339: Property 'name' does not exist on type '{ orderId: string; date: any; status: "pending" | "confirmed" | "processing" | "shipped" | "delivered" | "cancelled" | "returned"; productId: string; productName: string; quantity: number; price: number; image: string; variant?: string | undefined; }'.
app/profile/returns.tsx(125,53): error TS2339: Property 'id' does not exist on type '{ orderId: string; date: any; status: "pending" | "confirmed" | "processing" | "shipped" | "delivered" | "cancelled" | "returned"; productId: string; productName: string; quantity: number; price: number; image: string; variant?: string | undefined; }'.
app/profile/returns.tsx(127,55): error TS2339: Property 'name' does not exist on type '{ orderId: string; date: any; status: "pending" | "confirmed" | "processing" | "shipped" | "delivered" | "cancelled" | "returned"; productId: string; productName: string; quantity: number; price: number; image: string; variant?: string | undefined; }'.
